[0.314s] DEBUG:colcon:Command line arguments: ['/usr/bin/colcon', 'build', '--symlink-install']
[0.314s] DEBUG:colcon:Parsed command line arguments: Namespace(log_base=None, log_level=None, verb_name='build', build_base='build', install_base='install', merge_install=False, symlink_install=True, test_result_base=None, continue_on_error=False, executor='parallel', parallel_workers=12, event_handlers=None, ignore_user_meta=False, metas=['./colcon.meta'], base_paths=['.'], packages_ignore=None, packages_ignore_regex=None, paths=None, packages_up_to=None, packages_up_to_regex=None, packages_above=None, packages_above_and_dependencies=None, packages_above_depth=None, packages_select_by_dep=None, packages_skip_by_dep=None, packages_skip_up_to=None, packages_select_build_failed=False, packages_skip_build_finished=False, packages_select_test_failures=False, packages_skip_test_passed=False, packages_select=None, packages_skip=None, packages_select_regex=None, packages_skip_regex=None, packages_start=None, packages_end=None, allow_overriding=[], cmake_args=None, cmake_target=None, cmake_target_skip_unavailable=False, cmake_clean_cache=False, cmake_clean_first=False, cmake_force_configure=False, ament_cmake_args=None, catkin_cmake_args=None, catkin_skip_building_tests=False, mixin_files=None, mixin=None, verb_parser=<colcon_mixin.mixin.mixin_argument.MixinArgumentDecorator object at 0x7d7fa6787650>, verb_extension=<colcon_core.verb.build.BuildVerb object at 0x7d7fa6786480>, main=<bound method BuildVerb.main of <colcon_core.verb.build.BuildVerb object at 0x7d7fa6786480>>, mixin_verb=('build',))
[0.373s] Level 1:colcon.colcon_core.package_discovery:discover_packages(colcon_meta) check parameters
[0.373s] Level 1:colcon.colcon_core.package_discovery:discover_packages(recursive) check parameters
[0.373s] Level 1:colcon.colcon_core.package_discovery:discover_packages(ignore) check parameters
[0.373s] Level 1:colcon.colcon_core.package_discovery:discover_packages(path) check parameters
[0.373s] Level 1:colcon.colcon_core.package_discovery:discover_packages(colcon_meta) discover
[0.373s] Level 1:colcon.colcon_core.package_discovery:discover_packages(recursive) discover
[0.373s] INFO:colcon.colcon_core.package_discovery:Crawling recursively for packages in '/home/venus/projects/embodied-intelligence/ros2_ws'
[0.373s] Level 1:colcon.colcon_core.package_identification:_identify(.) by extensions ['ignore', 'ignore_ament_install']
[0.374s] Level 1:colcon.colcon_core.package_identification:_identify(.) by extension 'ignore'
[0.374s] Level 1:colcon.colcon_core.package_identification:_identify(.) by extension 'ignore_ament_install'
[0.374s] Level 1:colcon.colcon_core.package_identification:_identify(.) by extensions ['colcon_pkg']
[0.374s] Level 1:colcon.colcon_core.package_identification:_identify(.) by extension 'colcon_pkg'
[0.374s] Level 1:colcon.colcon_core.package_identification:_identify(.) by extensions ['colcon_meta']
[0.374s] Level 1:colcon.colcon_core.package_identification:_identify(.) by extension 'colcon_meta'
[0.374s] Level 1:colcon.colcon_core.package_identification:_identify(.) by extensions ['ros']
[0.374s] Level 1:colcon.colcon_core.package_identification:_identify(.) by extension 'ros'
[0.402s] Level 1:colcon.colcon_core.package_identification:_identify(.) by extensions ['cmake', 'python']
[0.403s] Level 1:colcon.colcon_core.package_identification:_identify(.) by extension 'cmake'
[0.403s] Level 1:colcon.colcon_core.package_identification:_identify(.) by extension 'python'
[0.403s] Level 1:colcon.colcon_core.package_identification:_identify(.) by extensions ['python_setup_py']
[0.403s] Level 1:colcon.colcon_core.package_identification:_identify(.) by extension 'python_setup_py'
[0.403s] Level 1:colcon.colcon_core.package_identification:_identify(build) by extensions ['ignore', 'ignore_ament_install']
[0.403s] Level 1:colcon.colcon_core.package_identification:_identify(build) by extension 'ignore'
[0.403s] Level 1:colcon.colcon_core.package_identification:_identify(build) ignored
[0.403s] Level 1:colcon.colcon_core.package_identification:_identify(install) by extensions ['ignore', 'ignore_ament_install']
[0.403s] Level 1:colcon.colcon_core.package_identification:_identify(install) by extension 'ignore'
[0.403s] Level 1:colcon.colcon_core.package_identification:_identify(install) ignored
[0.403s] Level 1:colcon.colcon_core.package_identification:_identify(log) by extensions ['ignore', 'ignore_ament_install']
[0.404s] Level 1:colcon.colcon_core.package_identification:_identify(log) by extension 'ignore'
[0.404s] Level 1:colcon.colcon_core.package_identification:_identify(log) ignored
[0.404s] Level 1:colcon.colcon_core.package_identification:_identify(src) by extensions ['ignore', 'ignore_ament_install']
[0.404s] Level 1:colcon.colcon_core.package_identification:_identify(src) by extension 'ignore'
[0.404s] Level 1:colcon.colcon_core.package_identification:_identify(src) by extension 'ignore_ament_install'
[0.404s] Level 1:colcon.colcon_core.package_identification:_identify(src) by extensions ['colcon_pkg']
[0.404s] Level 1:colcon.colcon_core.package_identification:_identify(src) by extension 'colcon_pkg'
[0.404s] Level 1:colcon.colcon_core.package_identification:_identify(src) by extensions ['colcon_meta']
[0.404s] Level 1:colcon.colcon_core.package_identification:_identify(src) by extension 'colcon_meta'
[0.404s] Level 1:colcon.colcon_core.package_identification:_identify(src) by extensions ['ros']
[0.404s] Level 1:colcon.colcon_core.package_identification:_identify(src) by extension 'ros'
[0.404s] Level 1:colcon.colcon_core.package_identification:_identify(src) by extensions ['cmake', 'python']
[0.404s] Level 1:colcon.colcon_core.package_identification:_identify(src) by extension 'cmake'
[0.404s] Level 1:colcon.colcon_core.package_identification:_identify(src) by extension 'python'
[0.404s] Level 1:colcon.colcon_core.package_identification:_identify(src) by extensions ['python_setup_py']
[0.404s] Level 1:colcon.colcon_core.package_identification:_identify(src) by extension 'python_setup_py'
[0.404s] Level 1:colcon.colcon_core.package_identification:_identify(src/tb3_learning) by extensions ['ignore', 'ignore_ament_install']
[0.404s] Level 1:colcon.colcon_core.package_identification:_identify(src/tb3_learning) by extension 'ignore'
[0.404s] Level 1:colcon.colcon_core.package_identification:_identify(src/tb3_learning) by extension 'ignore_ament_install'
[0.404s] Level 1:colcon.colcon_core.package_identification:_identify(src/tb3_learning) by extensions ['colcon_pkg']
[0.404s] Level 1:colcon.colcon_core.package_identification:_identify(src/tb3_learning) by extension 'colcon_pkg'
[0.404s] Level 1:colcon.colcon_core.package_identification:_identify(src/tb3_learning) by extensions ['colcon_meta']
[0.404s] Level 1:colcon.colcon_core.package_identification:_identify(src/tb3_learning) by extension 'colcon_meta'
[0.404s] Level 1:colcon.colcon_core.package_identification:_identify(src/tb3_learning) by extensions ['ros']
[0.404s] Level 1:colcon.colcon_core.package_identification:_identify(src/tb3_learning) by extension 'ros'
[0.407s] DEBUG:colcon.colcon_core.package_identification:Package 'src/tb3_learning' with type 'ros.ament_python' and name 'tb3_learning'
[0.407s] Level 1:colcon.colcon_core.package_discovery:discover_packages(recursive) using defaults
[0.408s] Level 1:colcon.colcon_core.package_discovery:discover_packages(ignore) discover
[0.408s] Level 1:colcon.colcon_core.package_discovery:discover_packages(ignore) using defaults
[0.408s] Level 1:colcon.colcon_core.package_discovery:discover_packages(path) discover
[0.408s] Level 1:colcon.colcon_core.package_discovery:discover_packages(path) using defaults
[0.427s] Level 1:colcon.colcon_core.package_discovery:discover_packages(prefix_path) check parameters
[0.427s] Level 1:colcon.colcon_core.package_discovery:discover_packages(prefix_path) discover
[0.429s] DEBUG:colcon.colcon_installed_package_information.package_discovery:Found 394 installed packages in /opt/ros/jazzy
[0.431s] Level 1:colcon.colcon_core.package_discovery:discover_packages(prefix_path) using defaults
[0.490s] Level 5:colcon.colcon_core.verb:set package 'tb3_learning' build argument 'cmake_args' from command line to 'None'
[0.491s] Level 5:colcon.colcon_core.verb:set package 'tb3_learning' build argument 'cmake_target' from command line to 'None'
[0.491s] Level 5:colcon.colcon_core.verb:set package 'tb3_learning' build argument 'cmake_target_skip_unavailable' from command line to 'False'
[0.491s] Level 5:colcon.colcon_core.verb:set package 'tb3_learning' build argument 'cmake_clean_cache' from command line to 'False'
[0.491s] Level 5:colcon.colcon_core.verb:set package 'tb3_learning' build argument 'cmake_clean_first' from command line to 'False'
[0.491s] Level 5:colcon.colcon_core.verb:set package 'tb3_learning' build argument 'cmake_force_configure' from command line to 'False'
[0.491s] Level 5:colcon.colcon_core.verb:set package 'tb3_learning' build argument 'ament_cmake_args' from command line to 'None'
[0.491s] Level 5:colcon.colcon_core.verb:set package 'tb3_learning' build argument 'catkin_cmake_args' from command line to 'None'
[0.491s] Level 5:colcon.colcon_core.verb:set package 'tb3_learning' build argument 'catkin_skip_building_tests' from command line to 'False'
[0.491s] DEBUG:colcon.colcon_core.verb:Building package 'tb3_learning' with the following arguments: {'ament_cmake_args': None, 'build_base': '/home/venus/projects/embodied-intelligence/ros2_ws/build/tb3_learning', 'catkin_cmake_args': None, 'catkin_skip_building_tests': False, 'cmake_args': None, 'cmake_clean_cache': False, 'cmake_clean_first': False, 'cmake_force_configure': False, 'cmake_target': None, 'cmake_target_skip_unavailable': False, 'install_base': '/home/venus/projects/embodied-intelligence/ros2_ws/install/tb3_learning', 'merge_install': False, 'path': '/home/venus/projects/embodied-intelligence/ros2_ws/src/tb3_learning', 'symlink_install': True, 'test_result_base': None}
[0.491s] INFO:colcon.colcon_core.executor:Executing jobs using 'parallel' executor
[0.492s] DEBUG:colcon.colcon_parallel_executor.executor.parallel:run_until_complete
[0.492s] INFO:colcon.colcon_ros.task.ament_python.build:Building ROS package in '/home/venus/projects/embodied-intelligence/ros2_ws/src/tb3_learning' with build type 'ament_python'
[0.492s] Level 1:colcon.colcon_core.shell:create_environment_hook('tb3_learning', 'ament_prefix_path')
[0.495s] INFO:colcon.colcon_core.plugin_system:Skipping extension 'colcon_core.shell.bat': Not used on non-Windows systems
[0.495s] INFO:colcon.colcon_core.shell:Creating environment hook '/home/venus/projects/embodied-intelligence/ros2_ws/install/tb3_learning/share/tb3_learning/hook/ament_prefix_path.ps1'
[0.498s] INFO:colcon.colcon_core.shell:Creating environment descriptor '/home/venus/projects/embodied-intelligence/ros2_ws/install/tb3_learning/share/tb3_learning/hook/ament_prefix_path.dsv'
[0.498s] INFO:colcon.colcon_core.shell:Creating environment hook '/home/venus/projects/embodied-intelligence/ros2_ws/install/tb3_learning/share/tb3_learning/hook/ament_prefix_path.sh'
[0.499s] INFO:colcon.colcon_core.shell:Skip shell extension 'powershell' for command environment: Not usable outside of PowerShell
[0.499s] DEBUG:colcon.colcon_core.shell:Skip shell extension 'dsv' for command environment
[0.722s] INFO:colcon.colcon_core.task.python.build:Building Python package in '/home/venus/projects/embodied-intelligence/ros2_ws/src/tb3_learning'
[0.722s] INFO:colcon.colcon_core.shell:Skip shell extension 'powershell' for command environment: Not usable outside of PowerShell
[0.722s] DEBUG:colcon.colcon_core.shell:Skip shell extension 'dsv' for command environment
[1.498s] DEBUG:colcon.colcon_core.task.python.build:Available setuptools commands: register, install_data, setopt, alias, compile_catalog, clean, install_lib, saveopts, build_ext, upload_docs, sdist, upload, bdist_dumb, dist_info, egg_info, install_egg_info, easy_install, symlink_data, install_headers, rotate, develop, check, build_scripts, install, bdist_egg, editable_wheel, bdist_rpm, build, extract_messages, install_scripts, init_catalog, bdist, test, build_clib, bdist_wheel, build_py, update_catalog
[1.883s] DEBUG:colcon.colcon_core.task.python.build:Available setuptools 'develop' options: --version, --dry-run, --no-deps, --zip-ok, --editable, --upgrade, --install-dir, --index-url, --allow-hosts, --force-installation-into-system-dir, --no-user-cfg, --exclude-scripts, --optimize, --site-dirs, --uninstall, --prefix, --multi-version, --record, --script-dir, --local-snapshots-ok, --find-links, --egg-path, --no-find-links, --user, --install-layout, --verbose, --always-copy, --help, --build-directory, --quiet, --always-unzip
[1.888s] DEBUG:colcon.colcon_core.event_handler.log_command:Invoking command in '/home/venus/projects/embodied-intelligence/ros2_ws/build/tb3_learning': PYTHONPATH=/home/venus/projects/embodied-intelligence/ros2_ws/build/tb3_learning/prefix_override:/usr/lib/python3/dist-packages/colcon_core/task/python/colcon_distutils_commands:/home/venus/projects/embodied-intelligence/ros2_ws/install/tb3_learning/lib/python3.12/site-packages:${PYTHONPATH} VIRTUAL_ENV_PROMPT=(.venv) /usr/bin/python3 -W ignore:setup.py install is deprecated -W ignore:easy_install command is deprecated setup.py develop --editable --build-directory /home/venus/projects/embodied-intelligence/ros2_ws/build/tb3_learning/build --no-deps symlink_data
[2.597s] Level 1:colcon.colcon_core.shell:create_environment_hook('tb3_learning', 'pythonpath_develop')
[2.597s] DEBUG:colcon.colcon_core.event_handler.log_command:Invoked command in '/home/venus/projects/embodied-intelligence/ros2_ws/build/tb3_learning' returned '0': PYTHONPATH=/home/venus/projects/embodied-intelligence/ros2_ws/build/tb3_learning/prefix_override:/usr/lib/python3/dist-packages/colcon_core/task/python/colcon_distutils_commands:/home/venus/projects/embodied-intelligence/ros2_ws/install/tb3_learning/lib/python3.12/site-packages:${PYTHONPATH} VIRTUAL_ENV_PROMPT=(.venv) /usr/bin/python3 -W ignore:setup.py install is deprecated -W ignore:easy_install command is deprecated setup.py develop --editable --build-directory /home/venus/projects/embodied-intelligence/ros2_ws/build/tb3_learning/build --no-deps symlink_data
[2.597s] INFO:colcon.colcon_core.shell:Creating environment hook '/home/venus/projects/embodied-intelligence/ros2_ws/build/tb3_learning/share/tb3_learning/hook/pythonpath_develop.ps1'
[2.600s] INFO:colcon.colcon_core.shell:Creating environment descriptor '/home/venus/projects/embodied-intelligence/ros2_ws/build/tb3_learning/share/tb3_learning/hook/pythonpath_develop.dsv'
[2.600s] INFO:colcon.colcon_core.shell:Creating environment hook '/home/venus/projects/embodied-intelligence/ros2_ws/build/tb3_learning/share/tb3_learning/hook/pythonpath_develop.sh'
[2.605s] Level 1:colcon.colcon_core.environment:checking '/home/venus/projects/embodied-intelligence/ros2_ws/install/tb3_learning' for CMake module files
[2.605s] Level 1:colcon.colcon_core.environment:checking '/home/venus/projects/embodied-intelligence/ros2_ws/install/tb3_learning' for CMake config files
[2.606s] Level 1:colcon.colcon_core.environment:checking '/home/venus/projects/embodied-intelligence/ros2_ws/install/tb3_learning/lib'
[2.606s] Level 1:colcon.colcon_core.environment:checking '/home/venus/projects/embodied-intelligence/ros2_ws/install/tb3_learning/bin'
[2.606s] Level 1:colcon.colcon_core.environment:checking '/home/venus/projects/embodied-intelligence/ros2_ws/install/tb3_learning/lib/pkgconfig/tb3_learning.pc'
[2.606s] Level 1:colcon.colcon_core.environment:checking '/home/venus/projects/embodied-intelligence/ros2_ws/install/tb3_learning/lib/python3.12/site-packages'
[2.607s] Level 1:colcon.colcon_core.shell:create_environment_hook('tb3_learning', 'pythonpath')
[2.607s] INFO:colcon.colcon_core.shell:Creating environment hook '/home/venus/projects/embodied-intelligence/ros2_ws/install/tb3_learning/share/tb3_learning/hook/pythonpath.ps1'
[2.607s] INFO:colcon.colcon_core.shell:Creating environment descriptor '/home/venus/projects/embodied-intelligence/ros2_ws/install/tb3_learning/share/tb3_learning/hook/pythonpath.dsv'
[2.608s] INFO:colcon.colcon_core.shell:Creating environment hook '/home/venus/projects/embodied-intelligence/ros2_ws/install/tb3_learning/share/tb3_learning/hook/pythonpath.sh'
[2.608s] Level 1:colcon.colcon_core.environment:checking '/home/venus/projects/embodied-intelligence/ros2_ws/install/tb3_learning/bin'
[2.608s] Level 1:colcon.colcon_core.environment:create_environment_scripts_only(tb3_learning)
[2.609s] INFO:colcon.colcon_core.shell:Creating package script '/home/venus/projects/embodied-intelligence/ros2_ws/install/tb3_learning/share/tb3_learning/package.ps1'
[2.609s] INFO:colcon.colcon_core.shell:Creating package descriptor '/home/venus/projects/embodied-intelligence/ros2_ws/install/tb3_learning/share/tb3_learning/package.dsv'
[2.610s] INFO:colcon.colcon_core.shell:Creating package script '/home/venus/projects/embodied-intelligence/ros2_ws/install/tb3_learning/share/tb3_learning/package.sh'
[2.611s] INFO:colcon.colcon_core.shell:Creating package script '/home/venus/projects/embodied-intelligence/ros2_ws/install/tb3_learning/share/tb3_learning/package.bash'
[2.612s] INFO:colcon.colcon_core.shell:Creating package script '/home/venus/projects/embodied-intelligence/ros2_ws/install/tb3_learning/share/tb3_learning/package.zsh'
[2.612s] Level 1:colcon.colcon_core.environment:create_file_with_runtime_dependencies(/home/venus/projects/embodied-intelligence/ros2_ws/install/tb3_learning/share/colcon-core/packages/tb3_learning)
[2.613s] DEBUG:colcon.colcon_parallel_executor.executor.parallel:closing loop
[2.614s] DEBUG:colcon.colcon_parallel_executor.executor.parallel:loop closed
[2.614s] DEBUG:colcon.colcon_parallel_executor.executor.parallel:run_until_complete finished with '0'
[2.614s] DEBUG:colcon.colcon_core.event_reactor:joining thread
[2.692s] INFO:colcon.colcon_core.plugin_system:Skipping extension 'colcon_notification.desktop_notification.notify_send': Could not find 'notify-send'
[2.692s] INFO:colcon.colcon_core.plugin_system:Skipping extension 'colcon_notification.desktop_notification.terminal_notifier': Not used on non-Darwin systems
[2.692s] INFO:colcon.colcon_core.plugin_system:Skipping extension 'colcon_notification.desktop_notification.win32': Not used on non-Windows systems
[2.692s] INFO:colcon.colcon_notification.desktop_notification:Sending desktop notification using 'notify2'
[2.694s] DEBUG:colcon.colcon_notification.desktop_notification.notify2:Failed to initialize notify2: org.freedesktop.DBus.Error.ServiceUnknown: The name org.freedesktop.Notifications was not provided by any .service files
[2.694s] DEBUG:colcon.colcon_core.event_reactor:joined thread
[2.695s] INFO:colcon.colcon_core.shell:Creating prefix script '/home/venus/projects/embodied-intelligence/ros2_ws/install/local_setup.ps1'
[2.696s] INFO:colcon.colcon_core.shell:Creating prefix util module '/home/venus/projects/embodied-intelligence/ros2_ws/install/_local_setup_util_ps1.py'
[2.697s] INFO:colcon.colcon_core.shell:Creating prefix chain script '/home/venus/projects/embodied-intelligence/ros2_ws/install/setup.ps1'
[2.698s] INFO:colcon.colcon_core.shell:Creating prefix script '/home/venus/projects/embodied-intelligence/ros2_ws/install/local_setup.sh'
[2.698s] INFO:colcon.colcon_core.shell:Creating prefix util module '/home/venus/projects/embodied-intelligence/ros2_ws/install/_local_setup_util_sh.py'
[2.699s] INFO:colcon.colcon_core.shell:Creating prefix chain script '/home/venus/projects/embodied-intelligence/ros2_ws/install/setup.sh'
[2.699s] INFO:colcon.colcon_core.shell:Creating prefix script '/home/venus/projects/embodied-intelligence/ros2_ws/install/local_setup.bash'
[2.701s] INFO:colcon.colcon_core.shell:Creating prefix chain script '/home/venus/projects/embodied-intelligence/ros2_ws/install/setup.bash'
[2.702s] INFO:colcon.colcon_core.shell:Creating prefix script '/home/venus/projects/embodied-intelligence/ros2_ws/install/local_setup.zsh'
[2.702s] INFO:colcon.colcon_core.shell:Creating prefix chain script '/home/venus/projects/embodied-intelligence/ros2_ws/install/setup.zsh'
