[0.337s] DEBUG:colcon:Command line arguments: ['/usr/bin/colcon', 'build', '--symlink-install', '--packages-select', 'tb3_learning']
[0.337s] DEBUG:colcon:Parsed command line arguments: Namespace(log_base=None, log_level=None, verb_name='build', build_base='build', install_base='install', merge_install=False, symlink_install=True, test_result_base=None, continue_on_error=False, executor='parallel', parallel_workers=12, event_handlers=None, ignore_user_meta=False, metas=['./colcon.meta'], base_paths=['.'], packages_ignore=None, packages_ignore_regex=None, paths=None, packages_up_to=None, packages_up_to_regex=None, packages_above=None, packages_above_and_dependencies=None, packages_above_depth=None, packages_select_by_dep=None, packages_skip_by_dep=None, packages_skip_up_to=None, packages_select_build_failed=False, packages_skip_build_finished=False, packages_select_test_failures=False, packages_skip_test_passed=False, packages_select=['tb3_learning'], packages_skip=None, packages_select_regex=None, packages_skip_regex=None, packages_start=None, packages_end=None, allow_overriding=[], cmake_args=None, cmake_target=None, cmake_target_skip_unavailable=False, cmake_clean_cache=False, cmake_clean_first=False, cmake_force_configure=False, ament_cmake_args=None, catkin_cmake_args=None, catkin_skip_building_tests=False, mixin_files=None, mixin=None, verb_parser=<colcon_mixin.mixin.mixin_argument.MixinArgumentDecorator object at 0x782fa0187380>, verb_extension=<colcon_core.verb.build.BuildVerb object at 0x782fa0187140>, main=<bound method BuildVerb.main of <colcon_core.verb.build.BuildVerb object at 0x782fa0187140>>, mixin_verb=('build',))
[0.379s] Level 1:colcon.colcon_core.package_discovery:discover_packages(colcon_meta) check parameters
[0.379s] Level 1:colcon.colcon_core.package_discovery:discover_packages(recursive) check parameters
[0.379s] Level 1:colcon.colcon_core.package_discovery:discover_packages(ignore) check parameters
[0.379s] Level 1:colcon.colcon_core.package_discovery:discover_packages(path) check parameters
[0.379s] Level 1:colcon.colcon_core.package_discovery:discover_packages(colcon_meta) discover
[0.379s] Level 1:colcon.colcon_core.package_discovery:discover_packages(recursive) discover
[0.379s] INFO:colcon.colcon_core.package_discovery:Crawling recursively for packages in '/home/venus/projects/embodied-intelligence/ros2_ws'
[0.379s] Level 1:colcon.colcon_core.package_identification:_identify(.) by extensions ['ignore', 'ignore_ament_install']
[0.379s] Level 1:colcon.colcon_core.package_identification:_identify(.) by extension 'ignore'
[0.380s] Level 1:colcon.colcon_core.package_identification:_identify(.) by extension 'ignore_ament_install'
[0.380s] Level 1:colcon.colcon_core.package_identification:_identify(.) by extensions ['colcon_pkg']
[0.380s] Level 1:colcon.colcon_core.package_identification:_identify(.) by extension 'colcon_pkg'
[0.380s] Level 1:colcon.colcon_core.package_identification:_identify(.) by extensions ['colcon_meta']
[0.380s] Level 1:colcon.colcon_core.package_identification:_identify(.) by extension 'colcon_meta'
[0.380s] Level 1:colcon.colcon_core.package_identification:_identify(.) by extensions ['ros']
[0.380s] Level 1:colcon.colcon_core.package_identification:_identify(.) by extension 'ros'
[0.410s] Level 1:colcon.colcon_core.package_identification:_identify(.) by extensions ['cmake', 'python']
[0.410s] Level 1:colcon.colcon_core.package_identification:_identify(.) by extension 'cmake'
[0.410s] Level 1:colcon.colcon_core.package_identification:_identify(.) by extension 'python'
[0.410s] Level 1:colcon.colcon_core.package_identification:_identify(.) by extensions ['python_setup_py']
[0.410s] Level 1:colcon.colcon_core.package_identification:_identify(.) by extension 'python_setup_py'
[0.410s] Level 1:colcon.colcon_core.package_identification:_identify(build) by extensions ['ignore', 'ignore_ament_install']
[0.411s] Level 1:colcon.colcon_core.package_identification:_identify(build) by extension 'ignore'
[0.411s] Level 1:colcon.colcon_core.package_identification:_identify(build) ignored
[0.411s] Level 1:colcon.colcon_core.package_identification:_identify(install) by extensions ['ignore', 'ignore_ament_install']
[0.411s] Level 1:colcon.colcon_core.package_identification:_identify(install) by extension 'ignore'
[0.411s] Level 1:colcon.colcon_core.package_identification:_identify(install) ignored
[0.411s] Level 1:colcon.colcon_core.package_identification:_identify(log) by extensions ['ignore', 'ignore_ament_install']
[0.411s] Level 1:colcon.colcon_core.package_identification:_identify(log) by extension 'ignore'
[0.411s] Level 1:colcon.colcon_core.package_identification:_identify(log) ignored
[0.411s] Level 1:colcon.colcon_core.package_identification:_identify(src) by extensions ['ignore', 'ignore_ament_install']
[0.411s] Level 1:colcon.colcon_core.package_identification:_identify(src) by extension 'ignore'
[0.411s] Level 1:colcon.colcon_core.package_identification:_identify(src) by extension 'ignore_ament_install'
[0.411s] Level 1:colcon.colcon_core.package_identification:_identify(src) by extensions ['colcon_pkg']
[0.411s] Level 1:colcon.colcon_core.package_identification:_identify(src) by extension 'colcon_pkg'
[0.411s] Level 1:colcon.colcon_core.package_identification:_identify(src) by extensions ['colcon_meta']
[0.411s] Level 1:colcon.colcon_core.package_identification:_identify(src) by extension 'colcon_meta'
[0.411s] Level 1:colcon.colcon_core.package_identification:_identify(src) by extensions ['ros']
[0.411s] Level 1:colcon.colcon_core.package_identification:_identify(src) by extension 'ros'
[0.411s] Level 1:colcon.colcon_core.package_identification:_identify(src) by extensions ['cmake', 'python']
[0.411s] Level 1:colcon.colcon_core.package_identification:_identify(src) by extension 'cmake'
[0.411s] Level 1:colcon.colcon_core.package_identification:_identify(src) by extension 'python'
[0.411s] Level 1:colcon.colcon_core.package_identification:_identify(src) by extensions ['python_setup_py']
[0.411s] Level 1:colcon.colcon_core.package_identification:_identify(src) by extension 'python_setup_py'
[0.411s] Level 1:colcon.colcon_core.package_identification:_identify(src/tb3_learning) by extensions ['ignore', 'ignore_ament_install']
[0.411s] Level 1:colcon.colcon_core.package_identification:_identify(src/tb3_learning) by extension 'ignore'
[0.412s] Level 1:colcon.colcon_core.package_identification:_identify(src/tb3_learning) by extension 'ignore_ament_install'
[0.412s] Level 1:colcon.colcon_core.package_identification:_identify(src/tb3_learning) by extensions ['colcon_pkg']
[0.412s] Level 1:colcon.colcon_core.package_identification:_identify(src/tb3_learning) by extension 'colcon_pkg'
[0.412s] Level 1:colcon.colcon_core.package_identification:_identify(src/tb3_learning) by extensions ['colcon_meta']
[0.412s] Level 1:colcon.colcon_core.package_identification:_identify(src/tb3_learning) by extension 'colcon_meta'
[0.412s] Level 1:colcon.colcon_core.package_identification:_identify(src/tb3_learning) by extensions ['ros']
[0.412s] Level 1:colcon.colcon_core.package_identification:_identify(src/tb3_learning) by extension 'ros'
[0.414s] DEBUG:colcon.colcon_core.package_identification:Package 'src/tb3_learning' with type 'ros.ament_python' and name 'tb3_learning'
[0.414s] Level 1:colcon.colcon_core.package_discovery:discover_packages(recursive) using defaults
[0.415s] Level 1:colcon.colcon_core.package_discovery:discover_packages(ignore) discover
[0.415s] Level 1:colcon.colcon_core.package_discovery:discover_packages(ignore) using defaults
[0.415s] Level 1:colcon.colcon_core.package_discovery:discover_packages(path) discover
[0.415s] Level 1:colcon.colcon_core.package_discovery:discover_packages(path) using defaults
[0.434s] Level 1:colcon.colcon_core.package_discovery:discover_packages(prefix_path) check parameters
[0.434s] Level 1:colcon.colcon_core.package_discovery:discover_packages(prefix_path) discover
[0.436s] DEBUG:colcon.colcon_installed_package_information.package_discovery:Found 1 installed packages in /home/venus/projects/embodied-intelligence/ros2_ws/install
[0.439s] DEBUG:colcon.colcon_installed_package_information.package_discovery:Found 394 installed packages in /opt/ros/jazzy
[0.442s] Level 1:colcon.colcon_core.package_discovery:discover_packages(prefix_path) using defaults
[0.518s] Level 5:colcon.colcon_core.verb:set package 'tb3_learning' build argument 'cmake_args' from command line to 'None'
[0.518s] Level 5:colcon.colcon_core.verb:set package 'tb3_learning' build argument 'cmake_target' from command line to 'None'
[0.518s] Level 5:colcon.colcon_core.verb:set package 'tb3_learning' build argument 'cmake_target_skip_unavailable' from command line to 'False'
[0.518s] Level 5:colcon.colcon_core.verb:set package 'tb3_learning' build argument 'cmake_clean_cache' from command line to 'False'
[0.518s] Level 5:colcon.colcon_core.verb:set package 'tb3_learning' build argument 'cmake_clean_first' from command line to 'False'
[0.518s] Level 5:colcon.colcon_core.verb:set package 'tb3_learning' build argument 'cmake_force_configure' from command line to 'False'
[0.518s] Level 5:colcon.colcon_core.verb:set package 'tb3_learning' build argument 'ament_cmake_args' from command line to 'None'
[0.519s] Level 5:colcon.colcon_core.verb:set package 'tb3_learning' build argument 'catkin_cmake_args' from command line to 'None'
[0.519s] Level 5:colcon.colcon_core.verb:set package 'tb3_learning' build argument 'catkin_skip_building_tests' from command line to 'False'
[0.519s] DEBUG:colcon.colcon_core.verb:Building package 'tb3_learning' with the following arguments: {'ament_cmake_args': None, 'build_base': '/home/venus/projects/embodied-intelligence/ros2_ws/build/tb3_learning', 'catkin_cmake_args': None, 'catkin_skip_building_tests': False, 'cmake_args': None, 'cmake_clean_cache': False, 'cmake_clean_first': False, 'cmake_force_configure': False, 'cmake_target': None, 'cmake_target_skip_unavailable': False, 'install_base': '/home/venus/projects/embodied-intelligence/ros2_ws/install/tb3_learning', 'merge_install': False, 'path': '/home/venus/projects/embodied-intelligence/ros2_ws/src/tb3_learning', 'symlink_install': True, 'test_result_base': None}
[0.519s] INFO:colcon.colcon_core.executor:Executing jobs using 'parallel' executor
[0.520s] DEBUG:colcon.colcon_parallel_executor.executor.parallel:run_until_complete
[0.520s] INFO:colcon.colcon_ros.task.ament_python.build:Building ROS package in '/home/venus/projects/embodied-intelligence/ros2_ws/src/tb3_learning' with build type 'ament_python'
[0.521s] Level 1:colcon.colcon_core.shell:create_environment_hook('tb3_learning', 'ament_prefix_path')
[0.523s] INFO:colcon.colcon_core.plugin_system:Skipping extension 'colcon_core.shell.bat': Not used on non-Windows systems
[0.523s] INFO:colcon.colcon_core.shell:Creating environment hook '/home/venus/projects/embodied-intelligence/ros2_ws/install/tb3_learning/share/tb3_learning/hook/ament_prefix_path.ps1'
[0.524s] INFO:colcon.colcon_core.shell:Creating environment descriptor '/home/venus/projects/embodied-intelligence/ros2_ws/install/tb3_learning/share/tb3_learning/hook/ament_prefix_path.dsv'
[0.524s] INFO:colcon.colcon_core.shell:Creating environment hook '/home/venus/projects/embodied-intelligence/ros2_ws/install/tb3_learning/share/tb3_learning/hook/ament_prefix_path.sh'
[0.525s] INFO:colcon.colcon_core.shell:Skip shell extension 'powershell' for command environment: Not usable outside of PowerShell
[0.525s] DEBUG:colcon.colcon_core.shell:Skip shell extension 'dsv' for command environment
[0.849s] INFO:colcon.colcon_core.task.python.build:Building Python package in '/home/venus/projects/embodied-intelligence/ros2_ws/src/tb3_learning'
[0.849s] INFO:colcon.colcon_core.shell:Skip shell extension 'powershell' for command environment: Not usable outside of PowerShell
[0.849s] DEBUG:colcon.colcon_core.shell:Skip shell extension 'dsv' for command environment
[1.589s] DEBUG:colcon.colcon_core.task.python.build:Available setuptools commands: install_lib, egg_info, install, develop, dist_info, upload, setopt, editable_wheel, init_catalog, saveopts, build_py, symlink_data, upload_docs, install_egg_info, build_ext, extract_messages, install_scripts, rotate, build, build_scripts, test, update_catalog, bdist_rpm, alias, compile_catalog, build_clib, install_data, register, check, clean, bdist_wheel, bdist_dumb, bdist_egg, install_headers, sdist, bdist, easy_install
[1.997s] DEBUG:colcon.colcon_core.task.python.build:Available setuptools 'develop' options: --user, --multi-version, --uninstall, --record, --build-directory, --force-installation-into-system-dir, --no-user-cfg, --index-url, --verbose, --dry-run, --script-dir, --prefix, --zip-ok, --find-links, --optimize, --site-dirs, --always-unzip, --quiet, --allow-hosts, --local-snapshots-ok, --help, --exclude-scripts, --no-find-links, --version, --install-layout, --always-copy, --install-dir, --no-deps, --egg-path, --upgrade, --editable
[2.003s] DEBUG:colcon.colcon_core.event_handler.log_command:Invoking command in '/home/venus/projects/embodied-intelligence/ros2_ws/build/tb3_learning': PYTHONPATH=/home/venus/projects/embodied-intelligence/ros2_ws/build/tb3_learning/prefix_override:/usr/lib/python3/dist-packages/colcon_core/task/python/colcon_distutils_commands:/home/venus/projects/embodied-intelligence/ros2_ws/install/tb3_learning/lib/python3.12/site-packages:${PYTHONPATH} /usr/bin/python3 -W ignore:setup.py install is deprecated -W ignore:easy_install command is deprecated setup.py develop --editable --build-directory /home/venus/projects/embodied-intelligence/ros2_ws/build/tb3_learning/build --no-deps symlink_data
[2.617s] Level 1:colcon.colcon_core.shell:create_environment_hook('tb3_learning', 'pythonpath_develop')
[2.618s] INFO:colcon.colcon_core.shell:Creating environment hook '/home/venus/projects/embodied-intelligence/ros2_ws/build/tb3_learning/share/tb3_learning/hook/pythonpath_develop.ps1'
[2.618s] DEBUG:colcon.colcon_core.event_handler.log_command:Invoked command in '/home/venus/projects/embodied-intelligence/ros2_ws/build/tb3_learning' returned '0': PYTHONPATH=/home/venus/projects/embodied-intelligence/ros2_ws/build/tb3_learning/prefix_override:/usr/lib/python3/dist-packages/colcon_core/task/python/colcon_distutils_commands:/home/venus/projects/embodied-intelligence/ros2_ws/install/tb3_learning/lib/python3.12/site-packages:${PYTHONPATH} /usr/bin/python3 -W ignore:setup.py install is deprecated -W ignore:easy_install command is deprecated setup.py develop --editable --build-directory /home/venus/projects/embodied-intelligence/ros2_ws/build/tb3_learning/build --no-deps symlink_data
[2.619s] INFO:colcon.colcon_core.shell:Creating environment descriptor '/home/venus/projects/embodied-intelligence/ros2_ws/build/tb3_learning/share/tb3_learning/hook/pythonpath_develop.dsv'
[2.619s] INFO:colcon.colcon_core.shell:Creating environment hook '/home/venus/projects/embodied-intelligence/ros2_ws/build/tb3_learning/share/tb3_learning/hook/pythonpath_develop.sh'
[2.621s] Level 1:colcon.colcon_core.environment:checking '/home/venus/projects/embodied-intelligence/ros2_ws/install/tb3_learning' for CMake module files
[2.622s] Level 1:colcon.colcon_core.environment:checking '/home/venus/projects/embodied-intelligence/ros2_ws/install/tb3_learning' for CMake config files
[2.622s] Level 1:colcon.colcon_core.environment:checking '/home/venus/projects/embodied-intelligence/ros2_ws/install/tb3_learning/lib'
[2.623s] Level 1:colcon.colcon_core.environment:checking '/home/venus/projects/embodied-intelligence/ros2_ws/install/tb3_learning/bin'
[2.623s] Level 1:colcon.colcon_core.environment:checking '/home/venus/projects/embodied-intelligence/ros2_ws/install/tb3_learning/lib/pkgconfig/tb3_learning.pc'
[2.623s] Level 1:colcon.colcon_core.environment:checking '/home/venus/projects/embodied-intelligence/ros2_ws/install/tb3_learning/lib/python3.12/site-packages'
[2.623s] Level 1:colcon.colcon_core.shell:create_environment_hook('tb3_learning', 'pythonpath')
[2.623s] INFO:colcon.colcon_core.shell:Creating environment hook '/home/venus/projects/embodied-intelligence/ros2_ws/install/tb3_learning/share/tb3_learning/hook/pythonpath.ps1'
[2.624s] INFO:colcon.colcon_core.shell:Creating environment descriptor '/home/venus/projects/embodied-intelligence/ros2_ws/install/tb3_learning/share/tb3_learning/hook/pythonpath.dsv'
[2.624s] INFO:colcon.colcon_core.shell:Creating environment hook '/home/venus/projects/embodied-intelligence/ros2_ws/install/tb3_learning/share/tb3_learning/hook/pythonpath.sh'
[2.625s] Level 1:colcon.colcon_core.environment:checking '/home/venus/projects/embodied-intelligence/ros2_ws/install/tb3_learning/bin'
[2.625s] Level 1:colcon.colcon_core.environment:create_environment_scripts_only(tb3_learning)
[2.625s] INFO:colcon.colcon_core.shell:Creating package script '/home/venus/projects/embodied-intelligence/ros2_ws/install/tb3_learning/share/tb3_learning/package.ps1'
[2.626s] INFO:colcon.colcon_core.shell:Creating package descriptor '/home/venus/projects/embodied-intelligence/ros2_ws/install/tb3_learning/share/tb3_learning/package.dsv'
[2.626s] INFO:colcon.colcon_core.shell:Creating package script '/home/venus/projects/embodied-intelligence/ros2_ws/install/tb3_learning/share/tb3_learning/package.sh'
[2.627s] INFO:colcon.colcon_core.shell:Creating package script '/home/venus/projects/embodied-intelligence/ros2_ws/install/tb3_learning/share/tb3_learning/package.bash'
[2.627s] INFO:colcon.colcon_core.shell:Creating package script '/home/venus/projects/embodied-intelligence/ros2_ws/install/tb3_learning/share/tb3_learning/package.zsh'
[2.628s] Level 1:colcon.colcon_core.environment:create_file_with_runtime_dependencies(/home/venus/projects/embodied-intelligence/ros2_ws/install/tb3_learning/share/colcon-core/packages/tb3_learning)
[2.628s] DEBUG:colcon.colcon_parallel_executor.executor.parallel:closing loop
[2.629s] DEBUG:colcon.colcon_parallel_executor.executor.parallel:loop closed
[2.629s] DEBUG:colcon.colcon_parallel_executor.executor.parallel:run_until_complete finished with '0'
[2.629s] DEBUG:colcon.colcon_core.event_reactor:joining thread
[2.713s] INFO:colcon.colcon_core.plugin_system:Skipping extension 'colcon_notification.desktop_notification.notify_send': Could not find 'notify-send'
[2.714s] INFO:colcon.colcon_core.plugin_system:Skipping extension 'colcon_notification.desktop_notification.terminal_notifier': Not used on non-Darwin systems
[2.714s] INFO:colcon.colcon_core.plugin_system:Skipping extension 'colcon_notification.desktop_notification.win32': Not used on non-Windows systems
[2.714s] INFO:colcon.colcon_notification.desktop_notification:Sending desktop notification using 'notify2'
[2.715s] DEBUG:colcon.colcon_notification.desktop_notification.notify2:Failed to initialize notify2: org.freedesktop.DBus.Error.ServiceUnknown: The name org.freedesktop.Notifications was not provided by any .service files
[2.715s] DEBUG:colcon.colcon_core.event_reactor:joined thread
[2.716s] INFO:colcon.colcon_core.shell:Creating prefix script '/home/venus/projects/embodied-intelligence/ros2_ws/install/local_setup.ps1'
[2.716s] INFO:colcon.colcon_core.shell:Creating prefix util module '/home/venus/projects/embodied-intelligence/ros2_ws/install/_local_setup_util_ps1.py'
[2.717s] INFO:colcon.colcon_core.shell:Creating prefix chain script '/home/venus/projects/embodied-intelligence/ros2_ws/install/setup.ps1'
[2.718s] INFO:colcon.colcon_core.shell:Creating prefix script '/home/venus/projects/embodied-intelligence/ros2_ws/install/local_setup.sh'
[2.718s] INFO:colcon.colcon_core.shell:Creating prefix util module '/home/venus/projects/embodied-intelligence/ros2_ws/install/_local_setup_util_sh.py'
[2.719s] INFO:colcon.colcon_core.shell:Creating prefix chain script '/home/venus/projects/embodied-intelligence/ros2_ws/install/setup.sh'
[2.719s] INFO:colcon.colcon_core.shell:Creating prefix script '/home/venus/projects/embodied-intelligence/ros2_ws/install/local_setup.bash'
[2.720s] INFO:colcon.colcon_core.shell:Creating prefix chain script '/home/venus/projects/embodied-intelligence/ros2_ws/install/setup.bash'
[2.720s] INFO:colcon.colcon_core.shell:Creating prefix script '/home/venus/projects/embodied-intelligence/ros2_ws/install/local_setup.zsh'
[2.721s] INFO:colcon.colcon_core.shell:Creating prefix chain script '/home/venus/projects/embodied-intelligence/ros2_ws/install/setup.zsh'
