[1.396s] Invoking command in '/home/venus/projects/embodied-intelligence/ros2_ws/build/tb3_learning': PYTHONPATH=/home/venus/projects/embodied-intelligence/ros2_ws/build/tb3_learning/prefix_override:/usr/lib/python3/dist-packages/colcon_core/task/python/colcon_distutils_commands:/home/venus/projects/embodied-intelligence/ros2_ws/install/tb3_learning/lib/python3.12/site-packages:${PYTHONPATH} VIRTUAL_ENV_PROMPT=(.venv) /usr/bin/python3 -W ignore:setup.py install is deprecated -W ignore:easy_install command is deprecated setup.py develop --editable --build-directory /home/venus/projects/embodied-intelligence/ros2_ws/build/tb3_learning/build --no-deps symlink_data
[1.757s] running develop
[1.963s] running egg_info
[1.963s] creating tb3_learning.egg-info
[1.986s] writing tb3_learning.egg-info/PKG-INFO
[1.987s] writing dependency_links to tb3_learning.egg-info/dependency_links.txt
[1.987s] writing requirements to tb3_learning.egg-info/requires.txt
[1.987s] writing top-level names to tb3_learning.egg-info/top_level.txt
[1.987s] writing manifest file 'tb3_learning.egg-info/SOURCES.txt'
[2.037s] reading manifest file 'tb3_learning.egg-info/SOURCES.txt'
[2.038s] writing manifest file 'tb3_learning.egg-info/SOURCES.txt'
[2.067s] running build_ext
[2.067s] Creating /home/venus/projects/embodied-intelligence/ros2_ws/install/tb3_learning/lib/python3.12/site-packages/tb3-learning.egg-link (link to .)
[2.067s] 
[2.068s] Installed /home/venus/projects/embodied-intelligence/ros2_ws/build/tb3_learning
[2.068s] running symlink_data
[2.068s] creating /home/venus/projects/embodied-intelligence/ros2_ws/install/tb3_learning/share/ament_index
[2.069s] creating /home/venus/projects/embodied-intelligence/ros2_ws/install/tb3_learning/share/ament_index/resource_index
[2.069s] creating /home/venus/projects/embodied-intelligence/ros2_ws/install/tb3_learning/share/ament_index/resource_index/packages
[2.070s] symbolically linking /home/venus/projects/embodied-intelligence/ros2_ws/build/tb3_learning/resource/tb3_learning -> /home/venus/projects/embodied-intelligence/ros2_ws/install/tb3_learning/share/ament_index/resource_index/packages
[2.071s] symbolically linking /home/venus/projects/embodied-intelligence/ros2_ws/build/tb3_learning/package.xml -> /home/venus/projects/embodied-intelligence/ros2_ws/install/tb3_learning/share/tb3_learning
[2.104s] Invoked command in '/home/venus/projects/embodied-intelligence/ros2_ws/build/tb3_learning' returned '0': PYTHONPATH=/home/venus/projects/embodied-intelligence/ros2_ws/build/tb3_learning/prefix_override:/usr/lib/python3/dist-packages/colcon_core/task/python/colcon_distutils_commands:/home/venus/projects/embodied-intelligence/ros2_ws/install/tb3_learning/lib/python3.12/site-packages:${PYTHONPATH} VIRTUAL_ENV_PROMPT=(.venv) /usr/bin/python3 -W ignore:setup.py install is deprecated -W ignore:easy_install command is deprecated setup.py develop --editable --build-directory /home/venus/projects/embodied-intelligence/ros2_ws/build/tb3_learning/build --no-deps symlink_data
